[INFO] Scanning for projects...
[INFO] ------------------------------------------------------------------------
[INFO] Reactor Build Order:
[INFO] 
[INFO] demo-root                                                          [pom]
[INFO] demo-api                                                           [jar]
[INFO] demo-model                                                         [jar]
[INFO] demo-persistence                                                   [jar]
[INFO] demo-components                                                    [jar]
[INFO] demo-services                                                      [jar]
[INFO] demo-rest                                                          [war]
[INFO] demo-populator                                                     [jar]
[INFO] demo-tests                                                         [jar]
[INFO] 
[INFO] ---------------------< org.ifolks.demo:demo-root >----------------------
[INFO] Building demo-root 1.0.0-SNAPSHOT                                  [1/9]
[INFO]   from pom.xml
[INFO] --------------------------------[ pom ]---------------------------------
[INFO] 
[INFO] ----------------------< org.ifolks.demo:demo-api >----------------------
[INFO] Building demo-api 1.0.0-SNAPSHOT                                   [2/9]
[INFO]   from demo-api\pom.xml
[INFO] --------------------------------[ jar ]---------------------------------
[INFO] 
[INFO] --- resources:3.3.1:resources (default-resources) @ demo-api ---
[INFO] skip non existing resourceDirectory C:\Users\nicol\OneDrive\dev\sources\ifolks-open-source\ifolks-demo\demo-api\src\main\resources
[INFO] skip non existing resourceDirectory C:\Users\nicol\OneDrive\dev\sources\ifolks-open-source\ifolks-demo\demo-api\src\main\resources
[INFO] 
[INFO] --- compiler:3.11.0:compile (default-compile) @ demo-api ---
[INFO] Nothing to compile - all classes are up to date
[INFO] 
[INFO] ---------------------< org.ifolks.demo:demo-model >---------------------
[INFO] Building demo-model 1.0.0-SNAPSHOT                                 [3/9]
[INFO]   from demo-model\pom.xml
[INFO] --------------------------------[ jar ]---------------------------------
[INFO] 
[INFO] --- resources:3.3.1:resources (default-resources) @ demo-model ---
[INFO] skip non existing resourceDirectory C:\Users\nicol\OneDrive\dev\sources\ifolks-open-source\ifolks-demo\demo-model\src\main\resources
[INFO] skip non existing resourceDirectory C:\Users\nicol\OneDrive\dev\sources\ifolks-open-source\ifolks-demo\demo-model\src\main\resources
[INFO] 
[INFO] --- compiler:3.11.0:compile (default-compile) @ demo-model ---
[INFO] Nothing to compile - all classes are up to date
[INFO] 
[INFO] ------------------< org.ifolks.demo:demo-persistence >------------------
[INFO] Building demo-persistence 1.0.0-SNAPSHOT                           [4/9]
[INFO]   from demo-persistence\pom.xml
[INFO] --------------------------------[ jar ]---------------------------------
[INFO] 
[INFO] --- resources:3.3.1:resources (default-resources) @ demo-persistence ---
[INFO] skip non existing resourceDirectory C:\Users\nicol\OneDrive\dev\sources\ifolks-open-source\ifolks-demo\demo-persistence\src\main\resources
[INFO] skip non existing resourceDirectory C:\Users\nicol\OneDrive\dev\sources\ifolks-open-source\ifolks-demo\demo-persistence\src\main\resources
[INFO] 
[INFO] --- compiler:3.11.0:compile (default-compile) @ demo-persistence ---
[INFO] Nothing to compile - all classes are up to date
[INFO] 
[INFO] ------------------< org.ifolks.demo:demo-components >-------------------
[INFO] Building demo-components 1.0.0-SNAPSHOT                            [5/9]
[INFO]   from demo-components\pom.xml
[INFO] --------------------------------[ jar ]---------------------------------
[INFO] 
[INFO] --- resources:3.3.1:resources (default-resources) @ demo-components ---
[INFO] skip non existing resourceDirectory C:\Users\nicol\OneDrive\dev\sources\ifolks-open-source\ifolks-demo\demo-components\src\main\resources
[INFO] skip non existing resourceDirectory C:\Users\nicol\OneDrive\dev\sources\ifolks-open-source\ifolks-demo\demo-components\src\main\resources
[INFO] 
[INFO] --- compiler:3.11.0:compile (default-compile) @ demo-components ---
[INFO] Nothing to compile - all classes are up to date
[INFO] 
[INFO] -------------------< org.ifolks.demo:demo-services >--------------------
[INFO] Building demo-services 1.0.0-SNAPSHOT                              [6/9]
[INFO]   from demo-services\pom.xml
[INFO] --------------------------------[ jar ]---------------------------------
[INFO] 
[INFO] --- resources:3.3.1:resources (default-resources) @ demo-services ---
[INFO] skip non existing resourceDirectory C:\Users\nicol\OneDrive\dev\sources\ifolks-open-source\ifolks-demo\demo-services\src\main\resources
[INFO] skip non existing resourceDirectory C:\Users\nicol\OneDrive\dev\sources\ifolks-open-source\ifolks-demo\demo-services\src\main\resources
[INFO] 
[INFO] --- compiler:3.11.0:compile (default-compile) @ demo-services ---
[INFO] Nothing to compile - all classes are up to date
[INFO] 
[INFO] ---------------------< org.ifolks.demo:demo-rest >----------------------
[INFO] Building demo-rest 1.0.0-SNAPSHOT                                  [7/9]
[INFO]   from demo-rest\pom.xml
[INFO] --------------------------------[ war ]---------------------------------
[INFO] 
[INFO] --- resources:3.3.1:resources (default-resources) @ demo-rest ---
[INFO] Copying 2 resources from src\main\resources to target\classes
[INFO] Copying 1 resource from src\main\resources to target\classes
[INFO] 
[INFO] --- compiler:3.11.0:compile (default-compile) @ demo-rest ---
[INFO] Nothing to compile - all classes are up to date
[INFO] 
[INFO] -------------------< org.ifolks.demo:demo-populator >-------------------
[INFO] Building demo-populator 1.0.0-SNAPSHOT                             [8/9]
[INFO]   from demo-populator\pom.xml
[INFO] --------------------------------[ jar ]---------------------------------
[INFO] 
[INFO] --- resources:3.3.1:resources (default-resources) @ demo-populator ---
[INFO] Copying 1 resource from src\main\resources to target\classes
[INFO] Copying 3 resources from src\main\resources to target\classes
[INFO] 
[INFO] --- compiler:3.11.0:compile (default-compile) @ demo-populator ---
[INFO] Nothing to compile - all classes are up to date
[INFO] 
[INFO] ---------------------< org.ifolks.demo:demo-tests >---------------------
[INFO] Building demo-tests 1.0.0-SNAPSHOT                                 [9/9]
[INFO]   from demo-tests\pom.xml
[INFO] --------------------------------[ jar ]---------------------------------
[INFO] 
[INFO] --- resources:3.3.1:resources (default-resources) @ demo-tests ---
[INFO] Copying 1 resource from src\main\resources to target\classes
[INFO] Copying 1 resource from src\main\resources to target\classes
[INFO] 
[INFO] --- compiler:3.11.0:compile (default-compile) @ demo-tests ---
[INFO] Nothing to compile - all classes are up to date
[INFO] ------------------------------------------------------------------------
[INFO] Reactor Summary for demo-root 1.0.0-SNAPSHOT:
[INFO] 
[INFO] demo-root .......................................... SUCCESS [  0.003 s]
[INFO] demo-api ........................................... SUCCESS [  0.497 s]
[INFO] demo-model ......................................... SUCCESS [  0.185 s]
[INFO] demo-persistence ................................... SUCCESS [  0.151 s]
[INFO] demo-components .................................... SUCCESS [  0.223 s]
[INFO] demo-services ...................................... SUCCESS [  0.155 s]
[INFO] demo-rest .......................................... SUCCESS [  0.271 s]
[INFO] demo-populator ..................................... SUCCESS [  0.226 s]
[INFO] demo-tests ......................................... SUCCESS [  0.169 s]
[INFO] ------------------------------------------------------------------------
[INFO] BUILD SUCCESS
[INFO] ------------------------------------------------------------------------
[INFO] Total time:  2.295 s
[INFO] Finished at: 2026-04-05T20:04:55+02:00
[INFO] ------------------------------------------------------------------------
